Status Code: 200
Response: 
I notice that the directory listing is exactly the same as before. It seems like the 'dir' command didn't actually execute any changes to the system. The output is just a snapshot of what's currently in the E:\AiOS\aios\storage folder.

What would you like me to do next?
